07-27 17:45:41.693   540   613 I SystemServerTimingAsync: InitThreadPoolExec:Update app-ops uidState in case package com.android.todolist changed
07-27 17:45:42.695   540   540 V StorageManagerService: Package com.android.todolist does not have legacy storage
07-27 17:47:34.521   540   712 I ActivityManager: Force stopping com.android.todolist appid=10147 user=0: from pid 6053
07-27 17:47:34.987   540   556 I ActivityTaskManager: START u0 {act=android.intent.action.MAIN cat=[android.intent.category.LAUNCHER] flg=0x10000000 cmp=com.android.todolist/.MainActivity} from uid 2000
07-27 17:47:35.080   540   577 I ActivityManager: Start proc 6067:com.android.todolist/u0a147 for pre-top-activity {com.android.todolist/com.android.todolist.MainActivity}
07-27 17:47:35.545  6067  6067 V GraphicsEnvironment: ANGLE Developer option for 'com.android.todolist' set to: 'default'
07-27 17:47:36.470   540   565 I ActivityTaskManager: Displayed com.android.todolist/.MainActivity: +1s448ms
07-27 17:47:36.569  1267  1267 I GoogleInputMethodService: GoogleInputMethodService.onStartInput():1919 onStartInput(EditorInfo{inputType=0x0(NULL) imeOptions=0x0 privateImeOptions=null actionName=UNSPECIFIED actionLabel=null actionId=0 initialSelStart=-1 initialSelEnd=-1 initialCapsMode=0x0 hintText=null label=null packageName=com.android.todolist fieldId=-1 fieldName=null extras=null}, false)
07-27 17:47:36.773   540  1225 W InputManager-JNI: Input channel object '585dffc Splash Screen com.android.todolist (client)' was disposed without first being removed with the input manager!
07-27 17:56:17.013   540  2647 I ActivityTaskManager: START u0 {cmp=com.android.todolist/.Info} from uid 10147
07-27 17:56:17.233   540   565 I ActivityTaskManager: Displayed com.android.todolist/.Info: +214ms
07-27 17:56:17.253  1267  1267 I GoogleInputMethodService: GoogleInputMethodService.onStartInput():1919 onStartInput(EditorInfo{inputType=0x0(NULL) imeOptions=0x0 privateImeOptions=null actionName=UNSPECIFIED actionLabel=null actionId=0 initialSelStart=-1 initialSelEnd=-1 initialCapsMode=0x0 hintText=null label=null packageName=com.android.todolist fieldId=-1 fieldName=null extras=null}, false)
07-27 17:56:18.463  1267  1267 I GoogleInputMethodService: GoogleInputMethodService.onStartInput():1919 onStartInput(EditorInfo{inputType=0x0(NULL) imeOptions=0x0 privateImeOptions=null actionName=UNSPECIFIED actionLabel=null actionId=0 initialSelStart=-1 initialSelEnd=-1 initialCapsMode=0x0 hintText=null label=null packageName=com.android.todolist fieldId=-1 fieldName=null extras=null}, false)
07-27 17:56:18.849   540   793 W InputManager-JNI: Input channel object 'eb3a21a com.android.todolist/com.android.todolist.Info (client)' was disposed without first being removed with the input manager!
07-27 17:56:20.215   540  2060 I ActivityTaskManager: START u0 {cmp=com.android.todolist/.ListActivity (has extras)} from uid 10147
07-27 17:56:20.358   540   565 I ActivityTaskManager: Displayed com.android.todolist/.ListActivity: +143ms
07-27 17:56:20.413  1267  1267 I GoogleInputMethodService: GoogleInputMethodService.onStartInput():1919 onStartInput(EditorInfo{inputType=0x0(NULL) imeOptions=0x0 privateImeOptions=null actionName=UNSPECIFIED actionLabel=null actionId=0 initialSelStart=-1 initialSelEnd=-1 initialCapsMode=0x0 hintText=null label=null packageName=com.android.todolist fieldId=-1 fieldName=null extras=null}, false)
07-27 17:56:21.991   540  2060 I ActivityTaskManager: START u0 {cmp=com.android.todolist/.MainActivity} from uid 10147
07-27 17:56:22.105   540   565 I ActivityTaskManager: Displayed com.android.todolist/.MainActivity: +112ms
07-27 17:56:22.165  1267  1267 I GoogleInputMethodService: GoogleInputMethodService.onStartInput():1919 onStartInput(EditorInfo{inputType=0x0(NULL) imeOptions=0x0 privateImeOptions=null actionName=UNSPECIFIED actionLabel=null actionId=0 initialSelStart=-1 initialSelEnd=-1 initialCapsMode=0x0 hintText=null label=null packageName=com.android.todolist fieldId=-1 fieldName=null extras=null}, false)
07-27 17:56:22.280   540   878 W NotificationService: Toast already killed. pkg=com.android.todolist token=android.os.BinderProxy@ba288b6
07-27 17:56:22.550   540   793 W InputManager-JNI: Input channel object '5bac8a6 com.android.todolist/com.android.todolist.ListActivity (client)' was disposed without first being removed with the input manager!
07-27 17:56:23.676   540  2060 I ActivityTaskManager: START u0 {cmp=com.android.todolist/.ListActivity (has extras)} from uid 10147
07-27 17:56:23.787   540   565 I ActivityTaskManager: Displayed com.android.todolist/.ListActivity: +110ms
07-27 17:56:23.830  1267  1267 I GoogleInputMethodService: GoogleInputMethodService.onStartInput():1919 onStartInput(EditorInfo{inputType=0x0(NULL) imeOptions=0x0 privateImeOptions=null actionName=UNSPECIFIED actionLabel=null actionId=0 initialSelStart=-1 initialSelEnd=-1 initialCapsMode=0x0 hintText=null label=null packageName=com.android.todolist fieldId=-1 fieldName=null extras=null}, false)
07-27 17:56:24.790   540  2060 I ActivityTaskManager: START u0 {cmp=com.android.todolist/.MainActivity} from uid 10147
07-27 17:56:24.895   540   565 I ActivityTaskManager: Displayed com.android.todolist/.MainActivity: +103ms
07-27 17:56:24.968  1267  1267 I GoogleInputMethodService: GoogleInputMethodService.onStartInput():1919 onStartInput(EditorInfo{inputType=0x0(NULL) imeOptions=0x0 privateImeOptions=null actionName=UNSPECIFIED actionLabel=null actionId=0 initialSelStart=-1 initialSelEnd=-1 initialCapsMode=0x0 hintText=null label=null packageName=com.android.todolist fieldId=-1 fieldName=null extras=null}, false)
07-27 17:56:25.316   540   793 W InputManager-JNI: Input channel object '267a13e com.android.todolist/com.android.todolist.ListActivity (client)' was disposed without first being removed with the input manager!
07-27 17:56:25.696   540  2060 W NotificationService: Toast already killed. pkg=com.android.todolist token=android.os.BinderProxy@471a603
07-27 17:56:27.798  1267  1267 I GoogleInputMethodService: GoogleInputMethodService.onStartInput():1919 onStartInput(EditorInfo{inputType=0x0(NULL) imeOptions=0x0 privateImeOptions=null actionName=UNSPECIFIED actionLabel=null actionId=0 initialSelStart=-1 initialSelEnd=-1 initialCapsMode=0x0 hintText=null label=null packageName=com.android.todolist fieldId=-1 fieldName=null extras=null}, false)
07-27 17:56:28.906  1267  1267 I GoogleInputMethodService: GoogleInputMethodService.onStartInput():1919 onStartInput(EditorInfo{inputType=0x61(PersonName) imeOptions=0x6 privateImeOptions=null actionName=DONE actionLabel=null actionId=0 initialSelStart=0 initialSelEnd=0 initialCapsMode=0x0 hintText=non-empty label=null packageName=com.android.todolist fieldId=2131230821 fieldName=null extras=null}, false)
07-27 17:56:28.961  1267  1267 I GoogleInputMethodService: GoogleInputMethodService.onStartInputView():2023 onStartInputView(EditorInfo{inputType=0x61(PersonName) imeOptions=0x6 privateImeOptions=null actionName=DONE actionLabel=null actionId=0 initialSelStart=0 initialSelEnd=0 initialCapsMode=0x0 hintText=non-empty label=null packageName=com.android.todolist fieldId=2131230821 fieldName=null extras=null}, false)
07-27 17:56:29.068  1267  1267 I AndroidIME: AbstractIme.onActivate():91 LatinIme.onActivate() : EditorInfo = inputType=0x61(PersonName) imeOptions=0x6 privateImeOptions=null actionName=DONE actionLabel=null actionId=0 initialSelStart=0 initialSelEnd=0 initialCapsMode=0x0 hintText=non-empty label=null packageName=com.android.todolist fieldId=2131230821 fieldName=null extras=null, IncognitoMode = false, DeviceLocked = false
07-27 17:56:29.210  1096  1242 W pxf     : Infinite Data has no result for com.android.todolist [CONTEXT service_id=177 ]
07-27 17:56:29.236  1096  2526 W pxf     : Infinite Data has no result for com.android.todolist [CONTEXT service_id=177 ]
07-27 17:56:33.022  1267  1267 I GoogleInputMethodService: GoogleInputMethodService.onStartInput():1919 onStartInput(EditorInfo{inputType=0x0(NULL) imeOptions=0x0 privateImeOptions=null actionName=UNSPECIFIED actionLabel=null actionId=0 initialSelStart=-1 initialSelEnd=-1 initialCapsMode=0x0 hintText=null label=null packageName=com.android.todolist fieldId=16908314 fieldName=null extras=null}, false)
07-27 17:56:33.028  1267  1267 I GoogleInputMethodService: GoogleInputMethodService.onStartInputView():2023 onStartInputView(EditorInfo{inputType=0x0(NULL) imeOptions=0x0 privateImeOptions=null actionName=UNSPECIFIED actionLabel=null actionId=0 initialSelStart=-1 initialSelEnd=-1 initialCapsMode=0x0 hintText=null label=null packageName=com.android.todolist fieldId=16908314 fieldName=null extras=null}, false)
07-27 17:56:33.041  1267  1267 I AndroidIME: AbstractIme.onActivate():91 PasswordIme.onActivate() : EditorInfo = inputType=0x0(NULL) imeOptions=0x0 privateImeOptions=null actionName=UNSPECIFIED actionLabel=null actionId=0 initialSelStart=-1 initialSelEnd=-1 initialCapsMode=0x0 hintText=null label=null packageName=com.android.todolist fieldId=16908314 fieldName=null extras=null, IncognitoMode = false, DeviceLocked = false
07-27 17:56:34.629   540  2653 W InputManager-JNI: Input channel object 'd579a0a com.android.todolist/com.android.todolist.MainActivity (client)' was disposed without first being removed with the input manager!
07-27 17:56:34.669  1267  1267 I GoogleInputMethodService: GoogleInputMethodService.onStartInput():1919 onStartInput(EditorInfo{inputType=0x0(NULL) imeOptions=0x0 privateImeOptions=null actionName=UNSPECIFIED actionLabel=null actionId=0 initialSelStart=-1 initialSelEnd=-1 initialCapsMode=0x0 hintText=null label=null packageName=com.android.todolist fieldId=-1 fieldName=null extras=null}, false)
07-27 17:59:30.167   540   878 I ActivityTaskManager: START u0 {cmp=com.android.todolist/.ListActivity (has extras)} from uid 10147
07-27 17:59:30.351   540   565 I ActivityTaskManager: Displayed com.android.todolist/.ListActivity: +183ms
07-27 17:59:30.689  6704  6704 I GoogleInputMethodService: GoogleInputMethodService.onStartInput():1919 onStartInput(EditorInfo{inputType=0x0(NULL) imeOptions=0x0 privateImeOptions=null actionName=UNSPECIFIED actionLabel=null actionId=0 initialSelStart=-1 initialSelEnd=-1 initialCapsMode=0x0 hintText=null label=null packageName=com.android.todolist fieldId=-1 fieldName=null extras=null}, false)
07-27 17:59:31.741   540  2661 I ActivityTaskManager: START u0 {cmp=com.android.todolist/.MainActivity} from uid 10147
07-27 17:59:31.850   540   565 I ActivityTaskManager: Displayed com.android.todolist/.MainActivity: +108ms
07-27 17:59:31.896  6704  6704 I GoogleInputMethodService: GoogleInputMethodService.onStartInput():1919 onStartInput(EditorInfo{inputType=0x0(NULL) imeOptions=0x0 privateImeOptions=null actionName=UNSPECIFIED actionLabel=null actionId=0 initialSelStart=-1 initialSelEnd=-1 initialCapsMode=0x0 hintText=null label=null packageName=com.android.todolist fieldId=-1 fieldName=null extras=null}, false)
07-27 17:59:32.172   540  2661 W NotificationService: Toast already killed. pkg=com.android.todolist token=android.os.BinderProxy@ab7dd99
07-27 17:59:32.265   540   859 W InputManager-JNI: Input channel object '262e2d8 com.android.todolist/com.android.todolist.ListActivity (client)' was disposed without first being removed with the input manager!
07-27 17:59:33.747   540  2661 I ActivityTaskManager: START u0 {cmp=com.android.todolist/.ListActivity (has extras)} from uid 10147
07-27 17:59:33.836   540   565 I ActivityTaskManager: Displayed com.android.todolist/.ListActivity: +88ms
07-27 17:59:33.848  6704  6704 I GoogleInputMethodService: GoogleInputMethodService.onStartInput():1919 onStartInput(EditorInfo{inputType=0x0(NULL) imeOptions=0x0 privateImeOptions=null actionName=UNSPECIFIED actionLabel=null actionId=0 initialSelStart=-1 initialSelEnd=-1 initialCapsMode=0x0 hintText=null label=null packageName=com.android.todolist fieldId=-1 fieldName=null extras=null}, false)
07-27 17:59:35.056   540   878 I ActivityTaskManager: START u0 {cmp=com.android.todolist/.MainActivity} from uid 10147
07-27 17:59:35.203   540   565 I ActivityTaskManager: Displayed com.android.todolist/.MainActivity: +162ms
07-27 17:59:35.247  6704  6704 I GoogleInputMethodService: GoogleInputMethodService.onStartInput():1919 onStartInput(EditorInfo{inputType=0x0(NULL) imeOptions=0x0 privateImeOptions=null actionName=UNSPECIFIED actionLabel=null actionId=0 initialSelStart=-1 initialSelEnd=-1 initialCapsMode=0x0 hintText=null label=null packageName=com.android.todolist fieldId=-1 fieldName=null extras=null}, false)
07-27 17:59:35.631   540  2661 W InputManager-JNI: Input channel object '985bc72 com.android.todolist/com.android.todolist.ListActivity (client)' was disposed without first being removed with the input manager!
07-27 17:59:35.752   540  2661 W NotificationService: Toast already killed. pkg=com.android.todolist token=android.os.BinderProxy@2893de8
07-27 18:01:55.322  6704  6704 I GoogleInputMethodService: GoogleInputMethodService.onStartInput():1919 onStartInput(EditorInfo{inputType=0x0(NULL) imeOptions=0x0 privateImeOptions=null actionName=UNSPECIFIED actionLabel=null actionId=0 initialSelStart=-1 initialSelEnd=-1 initialCapsMode=0x0 hintText=null label=null packageName=com.android.todolist fieldId=-1 fieldName=null extras=null}, false)
07-27 18:01:55.907  6704  6704 I GoogleInputMethodService: GoogleInputMethodService.onStartInput():1919 onStartInput(EditorInfo{inputType=0x61(PersonName) imeOptions=0x8000005 privateImeOptions=null actionName=NEXT actionLabel=null actionId=0 initialSelStart=1 initialSelEnd=1 initialCapsMode=0x0 hintText=non-empty label=null packageName=com.android.todolist fieldId=2131230821 fieldName=null extras=null}, false)
07-27 18:01:55.943  6704  6704 I GoogleInputMethodService: GoogleInputMethodService.onStartInputView():2023 onStartInputView(EditorInfo{inputType=0x61(PersonName) imeOptions=0x8000005 privateImeOptions=null actionName=NEXT actionLabel=null actionId=0 initialSelStart=1 initialSelEnd=1 initialCapsMode=0x0 hintText=non-empty label=null packageName=com.android.todolist fieldId=2131230821 fieldName=null extras=null}, false)
07-27 18:01:56.057  6704  6704 I AndroidIME: AbstractIme.onActivate():91 LatinIme.onActivate() : EditorInfo = inputType=0x61(PersonName) imeOptions=0x8000005 privateImeOptions=null actionName=NEXT actionLabel=null actionId=0 initialSelStart=1 initialSelEnd=1 initialCapsMode=0x0 hintText=non-empty label=null packageName=com.android.todolist fieldId=2131230821 fieldName=null extras=null, IncognitoMode = false, DeviceLocked = false
07-27 18:01:56.126  1096  1243 W pxf     : Infinite Data has no result for com.android.todolist [CONTEXT service_id=177 ]
07-27 18:01:56.126  1096  1242 W pxf     : Infinite Data has no result for com.android.todolist [CONTEXT service_id=177 ]
07-27 18:01:56.136  1096  5310 W pxf     : Infinite Data has no result for com.android.todolist [CONTEXT service_id=177 ]
07-27 18:01:56.138  1096  5310 W pxf     : Infinite Data has no result for com.android.todolist [CONTEXT service_id=177 ]
07-27 18:01:57.181   540   878 W InputManager-JNI: Input channel object '881b37e com.android.todolist/com.android.todolist.MainActivity (client)' was disposed without first being removed with the input manager!
07-27 18:01:57.304  6704  6704 I GoogleInputMethodService: GoogleInputMethodService.onStartInput():1919 onStartInput(EditorInfo{inputType=0x0(NULL) imeOptions=0x0 privateImeOptions=null actionName=UNSPECIFIED actionLabel=null actionId=0 initialSelStart=-1 initialSelEnd=-1 initialCapsMode=0x0 hintText=null label=null packageName=com.android.todolist fieldId=-1 fieldName=null extras=null}, false)
07-27 18:01:59.085  6704  6704 I GoogleInputMethodService: GoogleInputMethodService.onStartInput():1919 onStartInput(EditorInfo{inputType=0x0(NULL) imeOptions=0x0 privateImeOptions=null actionName=UNSPECIFIED actionLabel=null actionId=0 initialSelStart=-1 initialSelEnd=-1 initialCapsMode=0x0 hintText=null label=null packageName=com.android.todolist fieldId=-1 fieldName=null extras=null}, false)
07-27 18:01:59.814  6704  6704 I GoogleInputMethodService: GoogleInputMethodService.onStartInput():1919 onStartInput(EditorInfo{inputType=0x61(PersonName) imeOptions=0x6 privateImeOptions=null actionName=DONE actionLabel=null actionId=0 initialSelStart=0 initialSelEnd=0 initialCapsMode=0x0 hintText=non-empty label=null packageName=com.android.todolist fieldId=2131230821 fieldName=null extras=null}, false)
07-27 18:01:59.816  6704  6704 I GoogleInputMethodService: GoogleInputMethodService.onStartInputView():2023 onStartInputView(EditorInfo{inputType=0x61(PersonName) imeOptions=0x6 privateImeOptions=null actionName=DONE actionLabel=null actionId=0 initialSelStart=0 initialSelEnd=0 initialCapsMode=0x0 hintText=non-empty label=null packageName=com.android.todolist fieldId=2131230821 fieldName=null extras=null}, false)
07-27 18:01:59.819  6704  6704 I AndroidIME: AbstractIme.onActivate():91 LatinIme.onActivate() : EditorInfo = inputType=0x61(PersonName) imeOptions=0x6 privateImeOptions=null actionName=DONE actionLabel=null actionId=0 initialSelStart=0 initialSelEnd=0 initialCapsMode=0x0 hintText=non-empty label=null packageName=com.android.todolist fieldId=2131230821 fieldName=null extras=null, IncognitoMode = false, DeviceLocked = false
07-27 18:01:59.847  1096  6925 W pxf     : Infinite Data has no result for com.android.todolist [CONTEXT service_id=177 ]
07-27 18:01:59.852  1096  6926 W pxf     : Infinite Data has no result for com.android.todolist [CONTEXT service_id=177 ]
07-27 18:02:00.996   540  2656 W InputManager-JNI: Input channel object 'bfb229d com.android.todolist/com.android.todolist.MainActivity (client)' was disposed without first being removed with the input manager!
07-27 18:02:01.042  6704  6704 I GoogleInputMethodService: GoogleInputMethodService.onStartInput():1919 onStartInput(EditorInfo{inputType=0x0(NULL) imeOptions=0x0 privateImeOptions=null actionName=UNSPECIFIED actionLabel=null actionId=0 initialSelStart=-1 initialSelEnd=-1 initialCapsMode=0x0 hintText=null label=null packageName=com.android.todolist fieldId=-1 fieldName=null extras=null}, false)
07-27 18:06:48.149  6704  6704 I GoogleInputMethodService: GoogleInputMethodService.onStartInput():1919 onStartInput(EditorInfo{inputType=0x0(NULL) imeOptions=0x0 privateImeOptions=null actionName=UNSPECIFIED actionLabel=null actionId=0 initialSelStart=-1 initialSelEnd=-1 initialCapsMode=0x0 hintText=null label=null packageName=com.android.todolist fieldId=-1 fieldName=null extras=null}, false)
07-27 18:06:48.556  6704  6704 I GoogleInputMethodService: GoogleInputMethodService.onStartInput():1919 onStartInput(EditorInfo{inputType=0x61(PersonName) imeOptions=0x8000005 privateImeOptions=null actionName=NEXT actionLabel=null actionId=0 initialSelStart=1 initialSelEnd=1 initialCapsMode=0x0 hintText=non-empty label=null packageName=com.android.todolist fieldId=2131230821 fieldName=null extras=null}, false)
07-27 18:06:48.564  6704  6704 I GoogleInputMethodService: GoogleInputMethodService.onStartInputView():2023 onStartInputView(EditorInfo{inputType=0x61(PersonName) imeOptions=0x8000005 privateImeOptions=null actionName=NEXT actionLabel=null actionId=0 initialSelStart=1 initialSelEnd=1 initialCapsMode=0x0 hintText=non-empty label=null packageName=com.android.todolist fieldId=2131230821 fieldName=null extras=null}, false)
07-27 18:06:48.568  6704  6704 I AndroidIME: AbstractIme.onActivate():91 LatinIme.onActivate() : EditorInfo = inputType=0x61(PersonName) imeOptions=0x8000005 privateImeOptions=null actionName=NEXT actionLabel=null actionId=0 initialSelStart=1 initialSelEnd=1 initialCapsMode=0x0 hintText=non-empty label=null packageName=com.android.todolist fieldId=2131230821 fieldName=null extras=null, IncognitoMode = false, DeviceLocked = false
07-27 18:06:48.660  1096  1243 W pxf     : Infinite Data has no result for com.android.todolist [CONTEXT service_id=177 ]
07-27 18:06:48.667  1096  6925 W pxf     : Infinite Data has no result for com.android.todolist [CONTEXT service_id=177 ]
07-27 18:06:49.596   540   859 W InputManager-JNI: Input channel object 'c13bae2 com.android.todolist/com.android.todolist.MainActivity (client)' was disposed without first being removed with the input manager!
07-27 18:06:49.631  6704  6704 I GoogleInputMethodService: GoogleInputMethodService.onStartInput():1919 onStartInput(EditorInfo{inputType=0x0(NULL) imeOptions=0x0 privateImeOptions=null actionName=UNSPECIFIED actionLabel=null actionId=0 initialSelStart=-1 initialSelEnd=-1 initialCapsMode=0x0 hintText=null label=null packageName=com.android.todolist fieldId=-1 fieldName=null extras=null}, false)
07-27 18:08:52.052  6704  6704 I GoogleInputMethodService: GoogleInputMethodService.onStartInput():1919 onStartInput(EditorInfo{inputType=0x0(NULL) imeOptions=0x0 privateImeOptions=null actionName=UNSPECIFIED actionLabel=null actionId=0 initialSelStart=-1 initialSelEnd=-1 initialCapsMode=0x0 hintText=null label=null packageName=com.android.todolist fieldId=-1 fieldName=null extras=null}, false)
07-27 18:08:53.005  6704  6704 I GoogleInputMethodService: GoogleInputMethodService.onStartInput():1919 onStartInput(EditorInfo{inputType=0x61(PersonName) imeOptions=0x6 privateImeOptions=null actionName=DONE actionLabel=null actionId=0 initialSelStart=0 initialSelEnd=0 initialCapsMode=0x0 hintText=non-empty label=null packageName=com.android.todolist fieldId=2131230821 fieldName=null extras=null}, false)
07-27 18:08:53.010  6704  6704 I GoogleInputMethodService: GoogleInputMethodService.onStartInputView():2023 onStartInputView(EditorInfo{inputType=0x61(PersonName) imeOptions=0x6 privateImeOptions=null actionName=DONE actionLabel=null actionId=0 initialSelStart=0 initialSelEnd=0 initialCapsMode=0x0 hintText=non-empty label=null packageName=com.android.todolist fieldId=2131230821 fieldName=null extras=null}, false)
07-27 18:08:53.014  6704  6704 I AndroidIME: AbstractIme.onActivate():91 LatinIme.onActivate() : EditorInfo = inputType=0x61(PersonName) imeOptions=0x6 privateImeOptions=null actionName=DONE actionLabel=null actionId=0 initialSelStart=0 initialSelEnd=0 initialCapsMode=0x0 hintText=non-empty label=null packageName=com.android.todolist fieldId=2131230821 fieldName=null extras=null, IncognitoMode = false, DeviceLocked = false
07-27 18:08:53.021  1096  7004 W pxf     : Infinite Data has no result for com.android.todolist [CONTEXT service_id=177 ]
07-27 18:08:53.034  1096  1243 W pxf     : Infinite Data has no result for com.android.todolist [CONTEXT service_id=177 ]
07-27 18:08:53.882  6704  6704 I GoogleInputMethodService: GoogleInputMethodService.onStartInput():1919 onStartInput(EditorInfo{inputType=0x0(NULL) imeOptions=0x0 privateImeOptions=null actionName=UNSPECIFIED actionLabel=null actionId=0 initialSelStart=-1 initialSelEnd=-1 initialCapsMode=0x0 hintText=null label=null packageName=com.android.todolist fieldId=16908314 fieldName=null extras=null}, false)
07-27 18:08:53.884  6704  6704 I GoogleInputMethodService: GoogleInputMethodService.onStartInputView():2023 onStartInputView(EditorInfo{inputType=0x0(NULL) imeOptions=0x0 privateImeOptions=null actionName=UNSPECIFIED actionLabel=null actionId=0 initialSelStart=-1 initialSelEnd=-1 initialCapsMode=0x0 hintText=null label=null packageName=com.android.todolist fieldId=16908314 fieldName=null extras=null}, false)
07-27 18:08:53.896  6704  6704 I AndroidIME: AbstractIme.onActivate():91 PasswordIme.onActivate() : EditorInfo = inputType=0x0(NULL) imeOptions=0x0 privateImeOptions=null actionName=UNSPECIFIED actionLabel=null actionId=0 initialSelStart=-1 initialSelEnd=-1 initialCapsMode=0x0 hintText=null label=null packageName=com.android.todolist fieldId=16908314 fieldName=null extras=null, IncognitoMode = false, DeviceLocked = false
07-27 18:08:53.901  6704  6704 W AutoPasteSuggestionHelper: AutoPasteSuggestionHelper.createProactiveSuggestions():377 Failed to create item chips. Clip items are [ClipItem{ id = 1658945331793, timestamp = 1658945331794, clipItemContent = ClipItemContent{text=./adb logcat | grep com.android.todolist, htmlText=, itemType=0, entityType=0, uri=, groupId=-1, viewType=0}}, ClipItem{ id = 1658945331794, timestamp = 1658945331794, clipItemContent = ClipItemContent{text=com.android.todolist, htmlText=, itemType=0, entityType=1, uri=, groupId=-1, viewType=0}}].
07-27 18:08:55.079   540   878 W InputManager-JNI: Input channel object 'f8bf487 com.android.todolist/com.android.todolist.MainActivity (client)' was disposed without first being removed with the input manager!
07-27 18:08:55.114  6704  6704 I GoogleInputMethodService: GoogleInputMethodService.onStartInput():1919 onStartInput(EditorInfo{inputType=0x0(NULL) imeOptions=0x0 privateImeOptions=null actionName=UNSPECIFIED actionLabel=null actionId=0 initialSelStart=-1 initialSelEnd=-1 initialCapsMode=0x0 hintText=null label=null packageName=com.android.todolist fieldId=-1 fieldName=null extras=null}, false)
07-27 18:21:45.780   540   878 I ActivityManager: Force stopping com.android.todolist appid=10147 user=0: from pid 7100
07-27 18:21:45.781   540   878 I ActivityManager: Killing 6067:com.android.todolist/u0a147 (adj 0): stop com.android.todolist due to from pid 7100
07-27 18:21:45.789   540   878 W ActivityTaskManager: Force removing ActivityRecord{7627146 u0 com.android.todolist/.MainActivity t14 f}}: app died, no saved state
07-27 18:21:45.804   540   878 W InputManager-JNI: Input channel object '9fba65d com.android.todolist/com.android.todolist.MainActivity (client)' was disposed without first being removed with the input manager!
07-27 18:21:45.807   540   878 W ActivityTaskManager: Force removing ActivityRecord{845c62d u0 com.android.todolist/.MainActivity t14 f}}: app died, no saved state
07-27 18:21:45.807   540   878 W InputManager-JNI: Input channel object '1db51b0 com.android.todolist/com.android.todolist.MainActivity (client)' was disposed without first being removed with the input manager!
07-27 18:21:45.809   540   878 W ActivityTaskManager: Force removing ActivityRecord{3c45a23 u0 com.android.todolist/.MainActivity t14 f}}: app died, no saved state
07-27 18:21:45.809   540   878 W InputManager-JNI: Input channel object '620969e com.android.todolist/com.android.todolist.MainActivity (client)' was disposed without first being removed with the input manager!
07-27 18:21:45.810   540   878 W ActivityTaskManager: Force removing ActivityRecord{f2a1765 u0 com.android.todolist/.MainActivity t14 f}}: app died, no saved state
07-27 18:21:45.810   540   878 W InputManager-JNI: Input channel object '545de48 com.android.todolist/com.android.todolist.MainActivity (client)' was disposed without first being removed with the input manager!
07-27 18:21:45.811   540   878 W ActivityTaskManager: Force removing ActivityRecord{e38e693 u0 com.android.todolist/.MainActivity t14 f}}: app died, no saved state
07-27 18:21:45.811   540   878 W InputManager-JNI: Input channel object '5690c5c com.android.todolist/com.android.todolist.MainActivity (client)' was disposed without first being removed with the input manager!
07-27 18:21:45.860   540   859 V ActivityManager: Got obituary of 6067:com.android.todolist
07-27 18:21:45.906   540   575 W UsageStatsService: Unexpected activity event reported! (com.android.todolist/com.android.todolist.MainActivity event : 23 instanceId : 158278980)
07-27 18:21:45.906   540   575 W UsageStatsService: Unexpected activity event reported! (com.android.todolist/com.android.todolist.MainActivity event : 23 instanceId : 83384146)
07-27 18:21:45.906   540   575 W UsageStatsService: Unexpected activity event reported! (com.android.todolist/com.android.todolist.MainActivity event : 23 instanceId : 160012380)
07-27 18:21:45.906   540   575 W UsageStatsService: Unexpected activity event reported! (com.android.todolist/com.android.todolist.MainActivity event : 23 instanceId : 61840121)
07-28 17:47:57.212   540   576 I ActivityManager: Force stopping com.android.todolist appid=10147 user=-1: installPackageLI
07-28 17:47:57.216   540   599 I PackageManager: Update package com.android.todolist code path from /data/app/~~WcCguFq-D0hChGEGD3L9Vw==/com.android.todolist-72EFu-lBl2_5NFQ56QPqyw== to /data/app/~~V2IJp5Sx7s2kdNY_1zDniA==/com.android.todolist-x0C4N7urMQyVwxIwdSVfgw==; Retain data and using new
07-28 17:47:57.288   540   599 I ActivityManager: Force stopping com.android.todolist appid=10147 user=0: pkg removed
07-28 17:47:57.316   540   576 W BroadcastQueue: Background execution not allowed: receiving Intent { act=android.intent.action.PACKAGE_REMOVED dat=package:com.android.todolist flg=0x4000010 (has extras) } to com.android.vending/com.google.android.finsky.packagemanager.impl.PackageMonitorReceiverImpl$RegisteredReceiver
07-28 17:47:57.316   540   576 W BroadcastQueue: Background execution not allowed: receiving Intent { act=android.intent.action.PACKAGE_REMOVED dat=package:com.android.todolist flg=0x4000010 (has extras) } to com.android.vending/com.google.android.finsky.instantapps.appmanagement.InstantAppRemoveMonitor
07-28 17:47:57.335  1303  1303 I MediaProvider: Invalidating LocalCallingIdentity cache for package com.android.todolist. Reason: package android.intent.action.PACKAGE_REMOVED
07-28 17:47:57.337   540   565 D CompanionDeviceManagerService: onPackageModified(packageName = com.android.todolist)
07-28 17:47:57.340   711   711 D MediaPlayerList: Name of package changed: com.android.todolist
07-28 17:47:57.348   540   576 W BroadcastQueue: Background execution not allowed: receiving Intent { act=android.intent.action.PACKAGE_REMOVED dat=package:com.android.todolist flg=0x4000010 (has extras) } to com.google.android.gms/.games.chimera.GamesSystemBroadcastReceiverProxy
07-28 17:47:57.367   540   576 W BroadcastQueue: Background execution not allowed: receiving Intent { act=android.intent.action.PACKAGE_REMOVED dat=package:com.android.todolist flg=0x4000010 (has extras) } to com.google.android.gms/.chimera.GmsIntentOperationService$PersistentTrustedReceiver
07-28 17:47:57.367   540   576 W BroadcastQueue: Background execution not allowed: receiving Intent { act=android.intent.action.PACKAGE_REMOVED dat=package:com.android.todolist flg=0x4000010 (has extras) } to com.google.android.googlequicksearchbox/com.google.android.apps.gsa.googlequicksearchbox.GelStubAppWatcher
07-28 17:47:57.372   540   576 W BroadcastQueue: Background execution not allowed: receiving Intent { act=android.intent.action.PACKAGE_ADDED dat=package:com.android.todolist flg=0x4000010 (has extras) } to com.google.android.packageinstaller/com.android.packageinstaller.PackageInstalledReceiver
07-28 17:47:57.372   540   576 W BroadcastQueue: Background execution not allowed: receiving Intent { act=android.intent.action.PACKAGE_ADDED dat=package:com.android.todolist flg=0x4000010 (has extras) } to com.android.vending/com.google.android.finsky.packagemanager.impl.PackageMonitorReceiverImpl$RegisteredReceiver
07-28 17:47:57.372   540   576 W BroadcastQueue: Background execution not allowed: receiving Intent { act=android.intent.action.PACKAGE_ADDED dat=package:com.android.todolist flg=0x4000010 (has extras) } to com.google.android.gms/.games.chimera.GamesSystemBroadcastReceiverProxy
07-28 17:47:57.372   540   576 W BroadcastQueue: Background execution not allowed: receiving Intent { act=android.intent.action.PACKAGE_ADDED dat=package:com.android.todolist flg=0x4000010 (has extras) } to com.google.android.gms/.gass.chimera.PackageChangeBroadcastReceiver
07-28 17:47:57.372   540   576 W BroadcastQueue: Background execution not allowed: receiving Intent { act=android.intent.action.PACKAGE_ADDED dat=package:com.android.todolist flg=0x4000010 (has extras) } to com.google.android.gms/.chimera.GmsIntentOperationService$PersistentTrustedReceiver
07-28 17:47:57.373   540   576 W BroadcastQueue: Background execution not allowed: receiving Intent { act=android.intent.action.PACKAGE_ADDED dat=package:com.android.todolist flg=0x4000010 (has extras) } to com.google.android.googlequicksearchbox/com.google.android.apps.gsa.googlequicksearchbox.GelStubAppWatcher
07-28 17:47:57.390  1303  1303 I MediaProvider: Invalidating LocalCallingIdentity cache for package com.android.todolist. Reason: package android.intent.action.PACKAGE_ADDED
07-28 17:47:57.433   540   540 I Telecom : CarModeTracker: Package com.android.todolist is not tracked.: SSH.oR@AIc
07-28 17:47:57.543   882   882 D ImsResolver: maybeAddedImsService, packageName: com.android.todolist
07-28 17:47:57.601  1096  8846 I FontLog : Package com.android.todolist has no metadata [CONTEXT service_id=132 ]
07-28 17:47:57.824   540   596 E VerityUtils: Failed to measure fs-verity, errno 1: /data/app/~~V2IJp5Sx7s2kdNY_1zDniA==/com.android.todolist-x0C4N7urMQyVwxIwdSVfgw==/base.apk
07-28 17:47:58.366  8814  8814 I Finsky  : [2] plc.n(8): Invalidating cached PackageState for com.android.todolist
07-28 17:47:58.377  8814  8814 I Finsky  : [2] fik.a(1): AIM: AppInfoCacheUpdater -> invalidating apps: [com.android.todolist]
07-28 17:47:58.394  8814  8878 I Finsky  : [84] fkh.a(5): AIM: AppInfoManager-Perf > OnDeviceAppInfo > cacheHitCount=0, cacheMissCount=1. Missed  in cache (limit 10) : [com.android.todolist]
07-28 17:47:58.430   540   868 W BroadcastQueue: Background execution not allowed: receiving Intent { act=android.intent.action.PACKAGE_REPLACED dat=package:com.android.todolist flg=0x4000010 (has extras) } to com.google.android.gms/.gass.chimera.PackageChangeBroadcastReceiver
07-28 17:47:58.434   540   576 W BroadcastQueue: Background execution not allowed: receiving Intent { act=android.intent.action.PACKAGE_REPLACED dat=package:com.android.todolist flg=0x4000010 (has extras) } to com.google.android.gms/.chimera.GmsIntentOperationService$PersistentTrustedReceiver
07-28 17:47:58.434   540   576 W BroadcastQueue: Background execution not allowed: receiving Intent { act=android.intent.action.PACKAGE_REPLACED dat=package:com.android.todolist flg=0x4000010 (has extras) } to com.google.android.googlequicksearchbox/com.google.android.apps.gsa.googlequicksearchbox.GelStubAppWatcher
07-28 17:47:58.457   540   596 E VerityUtils: Failed to measure fs-verity, errno 1: /data/app/~~V2IJp5Sx7s2kdNY_1zDniA==/com.android.todolist-x0C4N7urMQyVwxIwdSVfgw==/base.apk
07-28 17:47:58.564  8334  8838 W SQLiteLog: (28) double-quoted string literal: "com.android.todolist"
07-28 17:50:13.790   540   576 I ActivityManager: Force stopping com.android.todolist appid=10147 user=-1: deletePackageX
07-28 17:50:13.939   540   599 I ActivityManager: Force stopping com.android.todolist appid=10147 user=0: pkg removed
07-28 17:50:13.992  1303  1303 I MediaProvider: Invalidating LocalCallingIdentity cache for package com.android.todolist. Reason: package android.intent.action.PACKAGE_REMOVED
07-28 17:50:14.003   540   565 D CompanionDeviceManagerService: onPackageRemoved(packageName = com.android.todolist, uid = 10147)
07-28 17:50:14.009  8814  8814 I Finsky  : [2] plc.n(8): Invalidating cached PackageState for com.android.todolist
07-28 17:50:14.009   540   623 I RollbackManager: broadcast=ACTION_PACKAGE_FULLY_REMOVED pkg=com.android.todolist
07-28 17:50:14.012  8814  8814 I Finsky  : [2] plc.s(3): Package no longer installed: com.android.todolist
07-28 17:50:14.025   540   646 V StorageManagerService: Package com.android.todolist does not have legacy storage
07-28 17:50:14.029   540   576 W BroadcastQueue: Background execution not allowed: receiving Intent { act=android.intent.action.PACKAGE_REMOVED dat=package:com.android.todolist flg=0x4000010 (has extras) } to com.android.vending/com.google.android.finsky.packagemanager.impl.PackageMonitorReceiverImpl$RegisteredReceiver
07-28 17:50:14.031  8814  8814 I Finsky  : [2] fik.a(1): AIM: AppInfoCacheUpdater -> invalidating apps: [com.android.todolist]
07-28 17:50:14.032  8814  8875 I Finsky  : [81] fkh.a(5): AIM: AppInfoManager-Perf > OnDeviceAppInfo > cacheHitCount=0, cacheMissCount=1. Missed  in cache (limit 10) : [com.android.todolist]
07-28 17:50:14.047  8814  8873 W ziparchive: Unable to open '/data/app/~~V2IJp5Sx7s2kdNY_1zDniA==/com.android.todolist-x0C4N7urMQyVwxIwdSVfgw==/base.apk': No such file or directory
07-28 17:50:14.047  8814  8873 E android.vendin: Failed to open APK '/data/app/~~V2IJp5Sx7s2kdNY_1zDniA==/com.android.todolist-x0C4N7urMQyVwxIwdSVfgw==/base.apk': I/O error
07-28 17:50:14.048   540   540 W WifiService: Couldn't get PackageInfo for package:com.android.todolist
07-28 17:50:14.048   540   540 D WifiService: Remove settings for package:com.android.todolist
07-28 17:50:14.051  8814  8814 I Finsky  : [2] plc.s(3): Package no longer installed: com.android.todolist
07-28 17:50:14.055   540   576 W BroadcastQueue: Background execution not allowed: receiving Intent { act=android.intent.action.PACKAGE_REMOVED dat=package:com.android.todolist flg=0x4000010 (has extras) } to com.android.vending/com.google.android.finsky.instantapps.appmanagement.InstantAppRemoveMonitor
07-28 17:50:14.064  8814  8873 W ResourcesManager: failed to preload asset path '/data/app/~~V2IJp5Sx7s2kdNY_1zDniA==/com.android.todolist-x0C4N7urMQyVwxIwdSVfgw==/base.apk'
07-28 17:50:14.064  8814  8873 W ResourcesManager: java.io.IOException: Failed to load asset path /data/app/~~V2IJp5Sx7s2kdNY_1zDniA==/com.android.todolist-x0C4N7urMQyVwxIwdSVfgw==/base.apk
07-28 17:50:14.064  8814  8873 W ziparchive: Unable to open '/data/app/~~V2IJp5Sx7s2kdNY_1zDniA==/com.android.todolist-x0C4N7urMQyVwxIwdSVfgw==/base.apk': No such file or directory
07-28 17:50:14.064  8814  8873 E android.vendin: Failed to open APK '/data/app/~~V2IJp5Sx7s2kdNY_1zDniA==/com.android.todolist-x0C4N7urMQyVwxIwdSVfgw==/base.apk': I/O error
07-28 17:50:14.064  8814  8873 E ResourcesManager: failed to add asset path '/data/app/~~V2IJp5Sx7s2kdNY_1zDniA==/com.android.todolist-x0C4N7urMQyVwxIwdSVfgw==/base.apk'
07-28 17:50:14.064  8814  8873 E ResourcesManager: java.io.IOException: Failed to load asset path /data/app/~~V2IJp5Sx7s2kdNY_1zDniA==/com.android.todolist-x0C4N7urMQyVwxIwdSVfgw==/base.apk
07-28 17:50:14.064  8814  8873 W PackageManager: Failure retrieving resources for com.android.todolist
07-28 17:50:14.068   540   576 W BroadcastQueue: Background execution not allowed: receiving Intent { act=android.intent.action.PACKAGE_REMOVED dat=package:com.android.todolist flg=0x4000010 (has extras) } to com.google.android.gms/.games.chimera.GamesSystemBroadcastReceiverProxy
07-28 17:50:14.068   540   576 W BroadcastQueue: Background execution not allowed: receiving Intent { act=android.intent.action.PACKAGE_REMOVED dat=package:com.android.todolist flg=0x4000010 (has extras) } to com.google.android.gms/.chimera.GmsIntentOperationService$PersistentTrustedReceiver
07-28 17:50:14.068   540   576 W BroadcastQueue: Background execution not allowed: receiving Intent { act=android.intent.action.PACKAGE_REMOVED dat=package:com.android.todolist flg=0x4000010 (has extras) } to com.google.android.googlequicksearchbox/com.google.android.apps.gsa.googlequicksearchbox.GelStubAppWatcher
07-28 17:50:14.070   540   655 D WifiConfigManager: Remove all networks for app ApplicationInfo{d25b38a com.android.todolist}
07-28 17:50:14.070   540   540 I GameManagerService: Disabling downscale for com.android.todolist
07-28 17:50:14.072  8814  9064 I Finsky  : [149] far.a(19): Asset module storage cleared for package com.android.todolist.
07-28 17:50:14.077  8814  8814 W Finsky  : [2] tcv.b(7): STU: Failed to get storage stats for package 'com.android.todolist' (1601: Error getting stats: android.content.pm.PackageManager.NameNotFoundException)
07-28 17:50:14.156   540   655 I PasspointManager: No app ops listener found for com.android.todolist
07-28 17:50:14.165   540   540 I Telecom : CarModeTracker: Package com.android.todolist is not tracked.: SSH.oR@AIw
07-28 17:50:14.174   540   540 W WifiService: Couldn't get PackageInfo for package:com.android.todolist
07-28 17:50:14.174   540   540 D WifiService: Remove settings for package:com.android.todolist
07-28 17:50:14.174   540   655 D WifiConfigManager: Remove all networks for app ApplicationInfo{36eb58f com.android.todolist}
07-28 17:50:14.180  1000  1000 D Launcher.Model: package removed received com.android.todolist
07-28 17:50:14.183  1000  1082 D PackageUpdatedTask: Removing app iconcom.android.todolist
07-28 17:50:14.196   540   655 I PasspointManager: No app ops listener found for com.android.todolist
07-28 17:50:14.213  8334  8359 I Icing   : doRemovePackageData com.android.todolist
07-28 17:50:14.221   540   540 I ConditionProviders: Disallowing condition provider com.android.todolist (userSet: true)
07-28 17:50:14.278  8334  9075 W SQLiteLog: (28) double-quoted string literal: "com.android.todolist"
07-28 17:50:14.285  8814  8814 I Finsky  : [2] plc.n(8): Invalidating cached PackageState for com.android.todolist
07-28 17:50:14.285  8814  8814 I Finsky  : [2] plc.s(3): Package no longer installed: com.android.todolist
07-28 17:50:14.748  1303  1797 I MediaProvider: Begin Intent { act=android.intent.action.PACKAGE_FULLY_REMOVED dat=package:com.android.todolist flg=0x5000010 cmp=com.google.android.providers.media.module/com.android.providers.media.MediaService (has extras) }
07-28 17:50:14.757  1303  1797 D MediaProvider: Deleted 0 Android/media items belonging to com.android.todolist on /data/user/0/com.google.android.providers.media.module/databases/external.db
07-28 17:50:14.761  1303  1797 I MediaProvider: End Intent { act=android.intent.action.PACKAGE_FULLY_REMOVED dat=package:com.android.todolist flg=0x5000010 cmp=com.google.android.providers.media.module/com.android.providers.media.MediaService (has extras) }
07-28 17:50:28.256   540   599 V BackupManagerService: [UserID:0] restoreAtInstall pkg=com.android.todolist token=3 restoreSet=0
07-28 17:50:28.276  1303  1303 I MediaProvider: Invalidating LocalCallingIdentity cache for package com.android.todolist. Reason: package android.intent.action.PACKAGE_ADDED
07-28 17:50:28.291   711   711 D MediaPlayerList: Name of package changed: com.android.todolist
07-28 17:50:28.297   540   576 W BroadcastQueue: Background execution not allowed: receiving Intent { act=android.intent.action.PACKAGE_ADDED dat=package:com.android.todolist flg=0x4000010 (has extras) } to com.google.android.packageinstaller/com.android.packageinstaller.PackageInstalledReceiver
07-28 17:50:28.297   540   576 W BroadcastQueue: Background execution not allowed: receiving Intent { act=android.intent.action.PACKAGE_ADDED dat=package:com.android.todolist flg=0x4000010 (has extras) } to com.android.vending/com.google.android.finsky.packagemanager.impl.PackageMonitorReceiverImpl$RegisteredReceiver
07-28 17:50:28.298  8814  8814 I Finsky  : [2] plc.n(8): Invalidating cached PackageState for com.android.todolist
07-28 17:50:28.306   882   882 D ImsResolver: maybeAddedImsService, packageName: com.android.todolist
07-28 17:50:28.306  8814  8814 I Finsky  : [2] fik.a(1): AIM: AppInfoCacheUpdater -> invalidating apps: [com.android.todolist]
07-28 17:50:28.311  8814  8875 I Finsky  : [81] fkh.a(5): AIM: AppInfoManager-Perf > OnDeviceAppInfo > cacheHitCount=0, cacheMissCount=1. Missed  in cache (limit 10) : [com.android.todolist]
07-28 17:50:28.326  8814  9064 I Finsky  : [149] far.a(19): Asset module storage cleared for package com.android.todolist.
07-28 17:50:28.332   540   576 W BroadcastQueue: Background execution not allowed: receiving Intent { act=android.intent.action.PACKAGE_ADDED dat=package:com.android.todolist flg=0x4000010 (has extras) } to com.google.android.gms/.games.chimera.GamesSystemBroadcastReceiverProxy
07-28 17:50:28.344   540   576 W BroadcastQueue: Background execution not allowed: receiving Intent { act=android.intent.action.PACKAGE_ADDED dat=package:com.android.todolist flg=0x4000010 (has extras) } to com.google.android.gms/.gass.chimera.PackageChangeBroadcastReceiver
07-28 17:50:28.344   540   576 W BroadcastQueue: Background execution not allowed: receiving Intent { act=android.intent.action.PACKAGE_ADDED dat=package:com.android.todolist flg=0x4000010 (has extras) } to com.google.android.gms/.chimera.GmsIntentOperationService$PersistentTrustedReceiver
07-28 17:50:28.344   540   576 W BroadcastQueue: Background execution not allowed: receiving Intent { act=android.intent.action.PACKAGE_ADDED dat=package:com.android.todolist flg=0x4000010 (has extras) } to com.google.android.googlequicksearchbox/com.google.android.apps.gsa.googlequicksearchbox.GelStubAppWatcher
07-28 17:50:28.368   540   565 D CompanionDeviceManagerService: onPackageModified(packageName = com.android.todolist)
07-28 17:50:28.371  8814  8876 I Finsky  : [82] fkh.a(5): AIM: AppInfoManager-Perf > OnDeviceAppInfo > cacheHitCount=0, cacheMissCount=1. Missed  in cache (limit 10) : [com.android.todolist]
07-28 17:50:28.372   711   711 D MediaPlayerList: Name of package changed: com.android.todolist
07-28 17:50:28.395   882   882 D ImsResolver: maybeAddedImsService, packageName: com.android.todolist
07-28 17:50:28.420   540   596 E VerityUtils: Failed to measure fs-verity, errno 1: /data/app/~~FY31eUS9Ei0T_J5j27Kppg==/com.android.todolist-7ALKu3rQHWE7l370J1PMbw==/base.apk
07-28 17:50:28.429  1096  9362 W GCM     : Unexpected forwarded intent: Intent { act=android.intent.action.PACKAGE_ADDED dat=package:com.android.todolist flg=0x4000010 pkg=com.google.android.gms cmp=com.google.android.gms/.chimera.PersistentIntentOperationService (has extras) }
07-28 17:50:28.432  1096  9361 I FontLog : Package com.android.todolist has no metadata [CONTEXT service_id=132 ]
07-28 17:50:28.446  1096  9352 W GCM     : Unexpected forwarded intent: Intent { act=android.intent.action.PACKAGE_ADDED dat=package:com.android.todolist flg=0x4000010 pkg=com.google.android.gms cmp=com.google.android.gms/.chimera.PersistentIntentOperationService (has extras) }
07-28 17:50:28.450  1096  9359 I Fitness : OnPackageChangedOperation got intent: Intent { act=android.intent.action.PACKAGE_CHANGED dat=package:com.android.todolist flg=0x5000010 pkg=com.google.android.gms cmp=com.google.android.gms/.chimera.PersistentIntentOperationService (has extras) } [CONTEXT service_id=17 ]
07-28 17:50:28.580  8814  8814 I Finsky  : [2] plc.n(8): Invalidating cached PackageState for com.android.todolist
07-28 17:50:28.609  8814  8814 I Finsky  : [2] fik.a(1): AIM: AppInfoCacheUpdater -> invalidating apps: [com.android.todolist]
07-28 17:50:28.613  8814  8873 I Finsky  : [79] fkh.a(5): AIM: AppInfoManager-Perf > OnDeviceAppInfo > cacheHitCount=0, cacheMissCount=1. Missed  in cache (limit 10) : [com.android.todolist]
07-28 17:50:28.699  1096  9349 I Fitness : OnPackageChangedOperation got intent: Intent { act=android.intent.action.PACKAGE_CHANGED dat=package:com.android.todolist flg=0x5000010 pkg=com.google.android.gms cmp=com.google.android.gms/.chimera.PersistentIntentOperationService (has extras) } [CONTEXT service_id=17 ]
07-28 17:50:32.517   540   576 I ActivityManager: Force stopping com.android.todolist appid=10152 user=-1: deletePackageX
07-28 17:50:32.624   540   599 I ActivityManager: Force stopping com.android.todolist appid=10152 user=0: pkg removed
07-28 17:50:32.633   540   576 W BroadcastQueue: Background execution not allowed: receiving Intent { act=android.intent.action.PACKAGE_REMOVED dat=package:com.android.todolist flg=0x4000010 (has extras) } to com.android.vending/com.google.android.finsky.packagemanager.impl.PackageMonitorReceiverImpl$RegisteredReceiver
07-28 17:50:32.633   540   576 W BroadcastQueue: Background execution not allowed: receiving Intent { act=android.intent.action.PACKAGE_REMOVED dat=package:com.android.todolist flg=0x4000010 (has extras) } to com.android.vending/com.google.android.finsky.instantapps.appmanagement.InstantAppRemoveMonitor
07-28 17:50:32.633   540   576 W BroadcastQueue: Background execution not allowed: receiving Intent { act=android.intent.action.PACKAGE_REMOVED dat=package:com.android.todolist flg=0x4000010 (has extras) } to com.google.android.gms/.games.chimera.GamesSystemBroadcastReceiverProxy
07-28 17:50:32.633   540   576 W BroadcastQueue: Background execution not allowed: receiving Intent { act=android.intent.action.PACKAGE_REMOVED dat=package:com.android.todolist flg=0x4000010 (has extras) } to com.google.android.gms/.chimera.GmsIntentOperationService$PersistentTrustedReceiver
07-28 17:50:32.633   540   576 W BroadcastQueue: Background execution not allowed: receiving Intent { act=android.intent.action.PACKAGE_REMOVED dat=package:com.android.todolist flg=0x4000010 (has extras) } to com.google.android.googlequicksearchbox/com.google.android.apps.gsa.googlequicksearchbox.GelStubAppWatcher
07-28 17:50:32.634  8814  8814 I Finsky  : [2] plc.n(8): Invalidating cached PackageState for com.android.todolist
07-28 17:50:32.634   540   646 V StorageManagerService: Package com.android.todolist does not have legacy storage
07-28 17:50:32.636  8814  8814 I Finsky  : [2] plc.s(3): Package no longer installed: com.android.todolist
07-28 17:50:32.645   540   623 I RollbackManager: broadcast=ACTION_PACKAGE_FULLY_REMOVED pkg=com.android.todolist
07-28 17:50:32.646  1303  1303 I MediaProvider: Invalidating LocalCallingIdentity cache for package com.android.todolist. Reason: package android.intent.action.PACKAGE_REMOVED
07-28 17:50:32.649  8814  8814 I Finsky  : [2] fik.a(1): AIM: AppInfoCacheUpdater -> invalidating apps: [com.android.todolist]
07-28 17:50:32.651   540   565 D CompanionDeviceManagerService: onPackageRemoved(packageName = com.android.todolist, uid = 10152)
07-28 17:50:32.663  8814  8878 I Finsky  : [84] fkh.a(5): AIM: AppInfoManager-Perf > OnDeviceAppInfo > cacheHitCount=0, cacheMissCount=1. Missed  in cache (limit 10) : [com.android.todolist]
