07-28 17:50:32.680  8814  9064 I Finsky  : [149] far.a(19): Asset module storage cleared for package com.android.todolist.
07-28 17:50:32.709  8814  8814 I Finsky  : [2] plc.s(3): Package no longer installed: com.android.todolist
07-28 17:50:32.718   540   540 W WifiService: Couldn't get PackageInfo for package:com.android.todolist
07-28 17:50:32.718   540   540 D WifiService: Remove settings for package:com.android.todolist
07-28 17:50:32.718   540   540 I GameManagerService: Disabling downscale for com.android.todolist
07-28 17:50:32.719   540   655 D WifiConfigManager: Remove all networks for app ApplicationInfo{fa450ff com.android.todolist}
07-28 17:50:32.725  8814  8876 I Finsky  : [82] fkh.a(5): AIM: AppInfoManager-Perf > OnDeviceAppInfo > cacheHitCount=0, cacheMissCount=1. Missed  in cache (limit 10) : [com.android.todolist]
07-28 17:50:32.728  8814  8814 W Finsky  : [2] tcv.b(7): STU: Failed to get storage stats for package 'com.android.todolist' (1601: Error getting stats: android.content.pm.PackageManager.NameNotFoundException)
07-28 17:50:32.730   540   540 I Telecom : CarModeTracker: Package com.android.todolist is not tracked.: SSH.oR@AJQ
07-28 17:50:32.730   540   655 I PasspointManager: No app ops listener found for com.android.todolist
07-28 17:50:32.730   540   540 W WifiService: Couldn't get PackageInfo for package:com.android.todolist
07-28 17:50:32.730   540   540 D WifiService: Remove settings for package:com.android.todolist
07-28 17:50:32.730   540   655 D WifiConfigManager: Remove all networks for app ApplicationInfo{fd60f7 com.android.todolist}
07-28 17:50:32.742   540   655 I PasspointManager: No app ops listener found for com.android.todolist
07-28 17:50:32.748  1000  1000 D Launcher.Model: package removed received com.android.todolist
07-28 17:50:32.748  1000  1082 D PackageUpdatedTask: Removing app iconcom.android.todolist
07-28 17:50:32.776  8814  8814 I Finsky  : [2] plc.n(8): Invalidating cached PackageState for com.android.todolist
07-28 17:50:32.777  8814  8814 I Finsky  : [2] plc.s(3): Package no longer installed: com.android.todolist
07-28 17:50:32.778   540   540 I ConditionProviders: Disallowing condition provider com.android.todolist (userSet: true)
07-28 17:50:32.813  8334  9355 W SQLiteLog: (28) double-quoted string literal: "com.android.todolist"
07-28 17:50:32.841  8334  8358 I Icing   : doRemovePackageData com.android.todolist
07-28 17:50:33.022  1303  1797 I MediaProvider: Begin Intent { act=android.intent.action.PACKAGE_FULLY_REMOVED dat=package:com.android.todolist flg=0x5000010 cmp=com.google.android.providers.media.module/com.android.providers.media.MediaService (has extras) }
07-28 17:50:33.023  1303  1797 D MediaProvider: Deleted 0 Android/media items belonging to com.android.todolist on /data/user/0/com.google.android.providers.media.module/databases/external.db
07-28 17:50:33.024  1303  1797 I MediaProvider: End Intent { act=android.intent.action.PACKAGE_FULLY_REMOVED dat=package:com.android.todolist flg=0x5000010 cmp=com.google.android.providers.media.module/com.android.providers.media.MediaService (has extras) }
07-28 17:50:35.034   540   599 V BackupManagerService: [UserID:0] restoreAtInstall pkg=com.android.todolist token=4 restoreSet=0
07-28 17:50:35.045  1303  1303 I MediaProvider: Invalidating LocalCallingIdentity cache for package com.android.todolist. Reason: package android.intent.action.PACKAGE_ADDED
07-28 17:50:35.049  8814  8814 I Finsky  : [2] plc.n(8): Invalidating cached PackageState for com.android.todolist
07-28 17:50:35.062   711   711 D MediaPlayerList: Name of package changed: com.android.todolist
07-28 17:50:35.074  8814  8814 I Finsky  : [2] fik.a(1): AIM: AppInfoCacheUpdater -> invalidating apps: [com.android.todolist]
07-28 17:50:35.075  8814  8875 I Finsky  : [81] fkh.a(5): AIM: AppInfoManager-Perf > OnDeviceAppInfo > cacheHitCount=0, cacheMissCount=1. Missed  in cache (limit 10) : [com.android.todolist]
07-28 17:50:35.077   540  1428 W BroadcastQueue: Background execution not allowed: receiving Intent { act=android.intent.action.PACKAGE_ADDED dat=package:com.android.todolist flg=0x4000010 (has extras) } to com.google.android.packageinstaller/com.android.packageinstaller.PackageInstalledReceiver
07-28 17:50:35.078  8814  9064 I Finsky  : [149] far.a(19): Asset module storage cleared for package com.android.todolist.
07-28 17:50:35.080   882   882 D ImsResolver: maybeAddedImsService, packageName: com.android.todolist
07-28 17:50:35.082   540   576 W BroadcastQueue: Background execution not allowed: receiving Intent { act=android.intent.action.PACKAGE_ADDED dat=package:com.android.todolist flg=0x4000010 (has extras) } to com.android.vending/com.google.android.finsky.packagemanager.impl.PackageMonitorReceiverImpl$RegisteredReceiver
07-28 17:50:35.083   540   576 W BroadcastQueue: Background execution not allowed: receiving Intent { act=android.intent.action.PACKAGE_ADDED dat=package:com.android.todolist flg=0x4000010 (has extras) } to com.google.android.gms/.games.chimera.GamesSystemBroadcastReceiverProxy
07-28 17:50:35.083   540   576 W BroadcastQueue: Background execution not allowed: receiving Intent { act=android.intent.action.PACKAGE_ADDED dat=package:com.android.todolist flg=0x4000010 (has extras) } to com.google.android.gms/.gass.chimera.PackageChangeBroadcastReceiver
07-28 17:50:35.083   540   576 W BroadcastQueue: Background execution not allowed: receiving Intent { act=android.intent.action.PACKAGE_ADDED dat=package:com.android.todolist flg=0x4000010 (has extras) } to com.google.android.gms/.chimera.GmsIntentOperationService$PersistentTrustedReceiver
07-28 17:50:35.083   540   576 W BroadcastQueue: Background execution not allowed: receiving Intent { act=android.intent.action.PACKAGE_ADDED dat=package:com.android.todolist flg=0x4000010 (has extras) } to com.google.android.googlequicksearchbox/com.google.android.apps.gsa.googlequicksearchbox.GelStubAppWatcher
07-28 17:50:35.108   540   565 D CompanionDeviceManagerService: onPackageModified(packageName = com.android.todolist)
07-28 17:50:35.113   711   711 D MediaPlayerList: Name of package changed: com.android.todolist
07-28 17:50:35.119  8814  8814 I Finsky  : [2] plc.n(8): Invalidating cached PackageState for com.android.todolist
07-28 17:50:35.120  8814  8875 I Finsky  : [81] fkh.a(5): AIM: AppInfoManager-Perf > OnDeviceAppInfo > cacheHitCount=0, cacheMissCount=1. Missed  in cache (limit 10) : [com.android.todolist]
07-28 17:50:35.135   540   596 E VerityUtils: Failed to measure fs-verity, errno 1: /data/app/~~n8jtd79nUzjzE49yIJ3gJQ==/com.android.todolist-dYkfSAGbLiq6933fBKm76A==/base.apk
07-28 17:50:35.139   882   882 D ImsResolver: maybeAddedImsService, packageName: com.android.todolist
07-28 17:50:35.165  8814  8814 I Finsky  : [2] fik.a(1): AIM: AppInfoCacheUpdater -> invalidating apps: [com.android.todolist]
07-28 17:50:35.166  8814  8876 I Finsky  : [82] fkh.a(5): AIM: AppInfoManager-Perf > OnDeviceAppInfo > cacheHitCount=0, cacheMissCount=1. Missed  in cache (limit 10) : [com.android.todolist]
07-28 17:50:35.174  1096  9364 W GCM     : Unexpected forwarded intent: Intent { act=android.intent.action.PACKAGE_ADDED dat=package:com.android.todolist flg=0x4000010 pkg=com.google.android.gms cmp=com.google.android.gms/.chimera.PersistentIntentOperationService (has extras) }
07-28 17:50:35.176  1096  9364 W GCM     : Unexpected forwarded intent: Intent { act=android.intent.action.PACKAGE_ADDED dat=package:com.android.todolist flg=0x4000010 pkg=com.google.android.gms cmp=com.google.android.gms/.chimera.PersistentIntentOperationService (has extras) }
07-28 17:50:35.178  1096  9359 I FontLog : Package com.android.todolist has no metadata [CONTEXT service_id=132 ]
07-28 17:50:35.280  1096  9412 I Fitness : OnPackageChangedOperation got intent: Intent { act=android.intent.action.PACKAGE_CHANGED dat=package:com.android.todolist flg=0x5000010 pkg=com.google.android.gms cmp=com.google.android.gms/.chimera.PersistentIntentOperationService (has extras) } [CONTEXT service_id=17 ]
07-28 17:50:35.290  1096  9349 I Fitness : OnPackageChangedOperation got intent: Intent { act=android.intent.action.PACKAGE_CHANGED dat=package:com.android.todolist flg=0x5000010 pkg=com.google.android.gms cmp=com.google.android.gms/.chimera.PersistentIntentOperationService (has extras) } [CONTEXT service_id=17 ]
07-28 17:52:46.021   540   576 I ActivityManager: Force stopping com.android.todolist appid=10153 user=-1: installPackageLI
07-28 17:52:46.022   540   599 I PackageManager: Update package com.android.todolist code path from /data/app/~~n8jtd79nUzjzE49yIJ3gJQ==/com.android.todolist-dYkfSAGbLiq6933fBKm76A== to /data/app/~~-mZRG72yK5mJ_FWLXQokvQ==/com.android.todolist-uTTVd6Ows4mseeF-bL4JxA==; Retain data and using new
07-28 17:52:46.047   540   599 I ActivityManager: Force stopping com.android.todolist appid=10153 user=0: pkg removed
07-28 17:52:46.061  1303  1303 I MediaProvider: Invalidating LocalCallingIdentity cache for package com.android.todolist. Reason: package android.intent.action.PACKAGE_REMOVED
07-28 17:52:46.066  8814  8814 I Finsky  : [2] plc.n(8): Invalidating cached PackageState for com.android.todolist
07-28 17:52:46.068   540   565 D CompanionDeviceManagerService: onPackageModified(packageName = com.android.todolist)
07-28 17:52:46.070   711   711 D MediaPlayerList: Name of package changed: com.android.todolist
07-28 17:52:46.073  1303  1303 I MediaProvider: Invalidating LocalCallingIdentity cache for package com.android.todolist. Reason: package android.intent.action.PACKAGE_ADDED
07-28 17:52:46.075   540   576 W BroadcastQueue: Background execution not allowed: receiving Intent { act=android.intent.action.PACKAGE_REMOVED dat=package:com.android.todolist flg=0x4000010 (has extras) } to com.android.vending/com.google.android.finsky.packagemanager.impl.PackageMonitorReceiverImpl$RegisteredReceiver
07-28 17:52:46.075   540   576 W BroadcastQueue: Background execution not allowed: receiving Intent { act=android.intent.action.PACKAGE_REMOVED dat=package:com.android.todolist flg=0x4000010 (has extras) } to com.android.vending/com.google.android.finsky.instantapps.appmanagement.InstantAppRemoveMonitor
07-28 17:52:46.080  8814  8814 I Finsky  : [2] fik.a(1): AIM: AppInfoCacheUpdater -> invalidating apps: [com.android.todolist]
07-28 17:52:46.081  8814  8875 I Finsky  : [81] fkh.a(5): AIM: AppInfoManager-Perf > OnDeviceAppInfo > cacheHitCount=0, cacheMissCount=1. Missed  in cache (limit 10) : [com.android.todolist]
07-28 17:52:46.082   540   540 I Telecom : CarModeTracker: Package com.android.todolist is not tracked.: SSH.oR@AJs
07-28 17:52:46.134  8814  8814 I Finsky  : [2] plc.n(8): Invalidating cached PackageState for com.android.todolist
07-28 17:52:46.145   882   882 D ImsResolver: maybeAddedImsService, packageName: com.android.todolist
07-28 17:52:46.148   540   576 W BroadcastQueue: Background execution not allowed: receiving Intent { act=android.intent.action.PACKAGE_REMOVED dat=package:com.android.todolist flg=0x4000010 (has extras) } to com.google.android.gms/.games.chimera.GamesSystemBroadcastReceiverProxy
07-28 17:52:46.157   540   576 W BroadcastQueue: Background execution not allowed: receiving Intent { act=android.intent.action.PACKAGE_REMOVED dat=package:com.android.todolist flg=0x4000010 (has extras) } to com.google.android.gms/.chimera.GmsIntentOperationService$PersistentTrustedReceiver
07-28 17:52:46.157   540   576 W BroadcastQueue: Background execution not allowed: receiving Intent { act=android.intent.action.PACKAGE_REMOVED dat=package:com.android.todolist flg=0x4000010 (has extras) } to com.google.android.googlequicksearchbox/com.google.android.apps.gsa.googlequicksearchbox.GelStubAppWatcher
07-28 17:52:46.157   540   576 W BroadcastQueue: Background execution not allowed: receiving Intent { act=android.intent.action.PACKAGE_ADDED dat=package:com.android.todolist flg=0x4000010 (has extras) } to com.google.android.packageinstaller/com.android.packageinstaller.PackageInstalledReceiver
07-28 17:52:46.158   540   576 W BroadcastQueue: Background execution not allowed: receiving Intent { act=android.intent.action.PACKAGE_ADDED dat=package:com.android.todolist flg=0x4000010 (has extras) } to com.android.vending/com.google.android.finsky.packagemanager.impl.PackageMonitorReceiverImpl$RegisteredReceiver
07-28 17:52:46.158   540   576 W BroadcastQueue: Background execution not allowed: receiving Intent { act=android.intent.action.PACKAGE_ADDED dat=package:com.android.todolist flg=0x4000010 (has extras) } to com.google.android.gms/.games.chimera.GamesSystemBroadcastReceiverProxy
07-28 17:52:46.158   540   576 W BroadcastQueue: Background execution not allowed: receiving Intent { act=android.intent.action.PACKAGE_ADDED dat=package:com.android.todolist flg=0x4000010 (has extras) } to com.google.android.gms/.gass.chimera.PackageChangeBroadcastReceiver
07-28 17:52:46.158   540   576 W BroadcastQueue: Background execution not allowed: receiving Intent { act=android.intent.action.PACKAGE_ADDED dat=package:com.android.todolist flg=0x4000010 (has extras) } to com.google.android.gms/.chimera.GmsIntentOperationService$PersistentTrustedReceiver
07-28 17:52:46.158   540   576 W BroadcastQueue: Background execution not allowed: receiving Intent { act=android.intent.action.PACKAGE_ADDED dat=package:com.android.todolist flg=0x4000010 (has extras) } to com.google.android.googlequicksearchbox/com.google.android.apps.gsa.googlequicksearchbox.GelStubAppWatcher
07-28 17:52:46.162  8814  8814 I Finsky  : [2] fik.a(1): AIM: AppInfoCacheUpdater -> invalidating apps: [com.android.todolist]
07-28 17:52:46.163  8814  8875 I Finsky  : [81] fkh.a(5): AIM: AppInfoManager-Perf > OnDeviceAppInfo > cacheHitCount=0, cacheMissCount=1. Missed  in cache (limit 10) : [com.android.todolist]
07-28 17:52:46.173  8814  8814 I Finsky  : [2] plc.n(8): Invalidating cached PackageState for com.android.todolist
07-28 17:52:46.176  8814  8814 I Finsky  : [2] plc.n(8): Invalidating cached PackageState for com.android.todolist
07-28 17:52:46.205   540   596 E VerityUtils: Failed to measure fs-verity, errno 1: /data/app/~~-mZRG72yK5mJ_FWLXQokvQ==/com.android.todolist-uTTVd6Ows4mseeF-bL4JxA==/base.apk
07-28 17:52:46.232   540  2060 W BroadcastQueue: Background execution not allowed: receiving Intent { act=android.intent.action.PACKAGE_REPLACED dat=package:com.android.todolist flg=0x4000010 (has extras) } to com.google.android.gms/.gass.chimera.PackageChangeBroadcastReceiver
07-28 17:52:46.240   540   576 W BroadcastQueue: Background execution not allowed: receiving Intent { act=android.intent.action.PACKAGE_REPLACED dat=package:com.android.todolist flg=0x4000010 (has extras) } to com.google.android.gms/.chimera.GmsIntentOperationService$PersistentTrustedReceiver
07-28 17:52:46.240   540   576 W BroadcastQueue: Background execution not allowed: receiving Intent { act=android.intent.action.PACKAGE_REPLACED dat=package:com.android.todolist flg=0x4000010 (has extras) } to com.google.android.googlequicksearchbox/com.google.android.apps.gsa.googlequicksearchbox.GelStubAppWatcher
07-28 17:52:46.286   540   596 E VerityUtils: Failed to measure fs-verity, errno 1: /data/app/~~-mZRG72yK5mJ_FWLXQokvQ==/com.android.todolist-uTTVd6Ows4mseeF-bL4JxA==/base.apk
07-28 17:52:46.298  8334  9456 W SQLiteLog: (28) double-quoted string literal: "com.android.todolist"
07-28 17:52:46.331  1096  9463 I FontLog : Package com.android.todolist has no metadata [CONTEXT service_id=132 ]
07-31 07:54:34.857   540  1430 I ActivityManager: Force stopping com.android.todolist appid=10153 user=0: from pid 11431
07-31 07:54:35.087   540  1430 I ActivityTaskManager: START u0 {act=android.intent.action.MAIN cat=[android.intent.category.LAUNCHER] flg=0x10000000 cmp=com.android.todolist/.MainActivity} from uid 2000
07-31 07:54:35.194   540   577 I ActivityManager: Start proc 11445:com.android.todolist/u0a153 for pre-top-activity {com.android.todolist/com.android.todolist.MainActivity}
07-31 07:54:35.650 11445 11445 V GraphicsEnvironment: ANGLE Developer option for 'com.android.todolist' set to: 'default'
07-31 07:54:36.693   540   565 I ActivityTaskManager: Displayed com.android.todolist/.MainActivity: +1s583ms
07-31 07:54:36.954  6704  6704 I GoogleInputMethodService: GoogleInputMethodService.onStartInput():1919 onStartInput(EditorInfo{inputType=0x0(NULL) imeOptions=0x0 privateImeOptions=null actionName=UNSPECIFIED actionLabel=null actionId=0 initialSelStart=-1 initialSelEnd=-1 initialCapsMode=0x0 hintText=null label=null packageName=com.android.todolist fieldId=-1 fieldName=null extras=null}, false)
07-31 07:54:37.069   540  1429 W InputManager-JNI: Input channel object 'a767eb2 Splash Screen com.android.todolist (client)' was disposed without first being removed with the input manager!
